Lmod has detected the following error: The following module(s) are unknown:
"cuda/12.1.1"

Please check the spelling or version number. Also try "module spider ..."
It is also possible your cache file is out-of-date; it may help to try:
  $ module --ignore_cache load "cuda/12.1.1"

Also make sure that all modulefiles written in TCL start with the string
#%Module



Class mapping saved to ./outputs/skin_cancer_v1/class_mapping.json

Starting AI Pipeline

Total images found: 3297
Processing 500 images...

/fs/ess/PAS2699/jseh_workspace/curriculum_generator/curriculum_resources/week_08/solution.py:30: FutureWarning: You are using `torch.load` with `weights_only=False` (the current default value), which uses the default pickle module implicitly. It is possible to construct malicious pickle data which will execute arbitrary code during unpickling (See https://github.com/pytorch/pytorch/blob/main/SECURITY.md#untrusted-models for more details). In a future release, the default value for `weights_only` will be flipped to `True`. This limits the functions that could be executed during unpickling. Arbitrary objects will no longer be allowed to be loaded via this mode unless they are explicitly allowlisted by the user via `torch.serialization.add_safe_globals`. We recommend you start setting `weights_only=True` for any use case where you don't have full control of the loaded file. Please open an issue on GitHub for any issues related to this experimental feature.
  checkpoint = torch.load(model_path, map_location=device)
============================================================
Processing Batch of 8 images...
Running Classification on batch...
[Classification] Model not found. Training...
Train/test split ready: skin_cancer_dataset/train skin_cancer_dataset/test
Found 800 images across 2 classes.
Classes: ['benign', 'malignant']

Training classifier head...

Epoch 1/10, Loss: 49.1611
Epoch 2/10, Loss: 36.7097
Epoch 3/10, Loss: 41.0665
Epoch 4/10, Loss: 30.2691
Epoch 5/10, Loss: 32.5779
Epoch 6/10, Loss: 27.1339
Epoch 7/10, Loss: 24.8724
Epoch 8/10, Loss: 25.5288
Epoch 9/10, Loss: 23.1514
Epoch 10/10, Loss: 22.3035

Fine-tuning last transformer block...

Fine Epoch 1/5, Loss: 35.6336
Fine Epoch 2/5, Loss: 24.5410
Fine Epoch 3/5, Loss: 21.7997
Fine Epoch 4/5, Loss: 18.0611
Fine Epoch 5/5, Loss: 15.3257
Fine-tuning complete!

Test Accuracy: 0.8700
              precision    recall  f1-score   support

      benign       0.88      0.86      0.87       100
   malignant       0.86      0.88      0.87       100

    accuracy                           0.87       200
   macro avg       0.87      0.87      0.87       200
weighted avg       0.87      0.87      0.87       200

Model saved successfully at models/dinov2_skin_cancer_v2.pth
Loading DINOv2 model into VRAM from models/dinov2_skin_cancer_v2.pth...
DINOv2 loaded successfully.
Skipping Segmentation...
Running VisionQA on batch...
Loadin Phi-3-Vision Model...

Loading checkpoint shards:   0%|          | 0/2 [00:00<?, ?it/s]
Loading checkpoint shards:  50%|█████     | 1/2 [00:13<00:13, 13.51s/it]
Loading checkpoint shards: 100%|██████████| 2/2 [00:20<00:00,  9.79s/it]
Loading checkpoint shards: 100%|██████████| 2/2 [00:20<00:00, 10.35s/it]
/fs/ess/PAS2699/jseh_workspace/curriculum_generator/.venv/lib/python3.10/site-packages/transformers/models/auto/image_processing_auto.py:510: FutureWarning: The image_processor_class argument is deprecated and will be removed in v4.42. Please use `slow_image_processor_class`, or `fast_image_processor_class` instead
  warnings.warn(
Special tokens have been added in the vocabulary, make sure the associated word embeddings are fine-tuned or trained.
/fs/ess/PAS2699/jseh_workspace/curriculum_generator/.venv/lib/python3.10/site-packages/transformers/generation/configuration_utils.py:540: UserWarning: `do_sample` is set to `False`. However, `temperature` is set to `0.0` -- this flag is only used in sample-based generation modes. You should set `do_sample=True` or unset `temperature`.
  warnings.warn(
The `seen_tokens` attribute is deprecated and will be removed in v4.41. Use the `cache_position` model input instead.
/users/PAS2699/jasseh/.cache/huggingface/modules/transformers_modules/microsoft/Phi-3-vision-128k-instruct/ed2772fabe9dc9acd0caad54b62761d92520cc44/image_embedding_phi3_v.py:197: UserWarning: Phi-3-V modifies `input_ids` in-place and the tokens indicating images will be removed after model forward. If your workflow requires multiple forward passes on the same `input_ids`, please make a copy of `input_ids` before passing it to the model.
  warnings.warn(
Phi-3-Vision loaded successfully
Batch Complete!
============================================================
Processing Batch of 8 images...
Running Classification on batch...
Skipping Segmentation...
Running VisionQA on batch...
Batch Complete!
============================================================
Processing Batch of 8 images...
Running Classification on batch...
Skipping Segmentation...
Running VisionQA on batch...
Batch Complete!
============================================================
Processing Batch of 8 images...
Running Classification on batch...
Skipping Segmentation...
Running VisionQA on batch...
Batch Complete!
============================================================
Processing Batch of 8 images...
Running Classification on batch...
Skipping Segmentation...
Running VisionQA on batch...
Batch Complete!
============================================================
Processing Batch of 8 images...
Running Classification on batch...
Skipping Segmentation...
Running VisionQA on batch...
Batch Complete!
============================================================
Processing Batch of 8 images...
Running Classification on batch...
Skipping Segmentation...
Running VisionQA on batch...
Batch Complete!
============================================================
Processing Batch of 8 images...
Running Classification on batch...
Skipping Segmentation...
Running VisionQA on batch...
Batch Complete!
============================================================
Processing Batch of 8 images...
Running Classification on batch...
Skipping Segmentation...
Running VisionQA on batch...
Batch Complete!
============================================================
Processing Batch of 8 images...
Running Classification on batch...
Skipping Segmentation...
Running VisionQA on batch...
Batch Complete!
============================================================
Processing Batch of 8 images...
Running Classification on batch...
Skipping Segmentation...
Running VisionQA on batch...
Batch Complete!
============================================================
Processing Batch of 8 images...
Running Classification on batch...
Skipping Segmentation...
Running VisionQA on batch...
Batch Complete!
============================================================
Processing Batch of 8 images...
Running Classification on batch...
Skipping Segmentation...
Running VisionQA on batch...
Batch Complete!
============================================================
Processing Batch of 8 images...
Running Classification on batch...
Skipping Segmentation...
Running VisionQA on batch...
Batch Complete!
============================================================
Processing Batch of 8 images...
Running Classification on batch...
Skipping Segmentation...
Running VisionQA on batch...
Batch Complete!
============================================================
Processing Batch of 8 images...
Running Classification on batch...
Skipping Segmentation...
Running VisionQA on batch...
Batch Complete!
============================================================
Processing Batch of 8 images...
Running Classification on batch...
Skipping Segmentation...
Running VisionQA on batch...
Batch Complete!
============================================================
Processing Batch of 8 images...
Running Classification on batch...
Skipping Segmentation...
Running VisionQA on batch...
Batch Complete!
============================================================
Processing Batch of 8 images...
Running Classification on batch...
Skipping Segmentation...
Running VisionQA on batch...
Batch Complete!
============================================================
Processing Batch of 8 images...
Running Classification on batch...
Skipping Segmentation...
Running VisionQA on batch...
Batch Complete!
============================================================
Processing Batch of 8 images...
Running Classification on batch...
Skipping Segmentation...
Running VisionQA on batch...
Batch Complete!
============================================================
Processing Batch of 8 images...
Running Classification on batch...
Skipping Segmentation...
Running VisionQA on batch...
Batch Complete!
============================================================
Processing Batch of 8 images...
Running Classification on batch...
Skipping Segmentation...
Running VisionQA on batch...
Batch Complete!
============================================================
Processing Batch of 8 images...
Running Classification on batch...
Skipping Segmentation...
Running VisionQA on batch...
Batch Complete!
============================================================
Processing Batch of 8 images...
Running Classification on batch...
Skipping Segmentation...
Running VisionQA on batch...
Batch Complete!
============================================================
Processing Batch of 8 images...
Running Classification on batch...
Skipping Segmentation...
Running VisionQA on batch...
Batch Complete!
============================================================
Processing Batch of 8 images...
Running Classification on batch...
Skipping Segmentation...
Running VisionQA on batch...
Batch Complete!
============================================================
Processing Batch of 8 images...
Running Classification on batch...
Skipping Segmentation...
Running VisionQA on batch...
Batch Complete!
============================================================
Processing Batch of 8 images...
Running Classification on batch...
Skipping Segmentation...
Running VisionQA on batch...
Batch Complete!
============================================================
Processing Batch of 8 images...
Running Classification on batch...
Skipping Segmentation...
Running VisionQA on batch...
Batch Complete!
============================================================
Processing Batch of 8 images...
Running Classification on batch...
Skipping Segmentation...
Running VisionQA on batch...
Batch Complete!
============================================================
Processing Batch of 8 images...
Running Classification on batch...
Skipping Segmentation...
Running VisionQA on batch...
Batch Complete!
============================================================
Processing Batch of 8 images...
Running Classification on batch...
Skipping Segmentation...
Running VisionQA on batch...
Batch Complete!
============================================================
Processing Batch of 8 images...
Running Classification on batch...
Skipping Segmentation...
Running VisionQA on batch...
Batch Complete!
============================================================
Processing Batch of 8 images...
Running Classification on batch...
Skipping Segmentation...
Running VisionQA on batch...
Batch Complete!
============================================================
Processing Batch of 8 images...
Running Classification on batch...
Skipping Segmentation...
Running VisionQA on batch...
Batch Complete!
============================================================
Processing Batch of 8 images...
Running Classification on batch...
Skipping Segmentation...
Running VisionQA on batch...
Batch Complete!
============================================================
Processing Batch of 8 images...
Running Classification on batch...
Skipping Segmentation...
Running VisionQA on batch...
Batch Complete!
============================================================
Processing Batch of 8 images...
Running Classification on batch...
Skipping Segmentation...
Running VisionQA on batch...
Batch Complete!
============================================================
Processing Batch of 8 images...
Running Classification on batch...
Skipping Segmentation...
Running VisionQA on batch...
Batch Complete!
============================================================
Processing Batch of 8 images...
Running Classification on batch...
Skipping Segmentation...
Running VisionQA on batch...
Batch Complete!
============================================================
Processing Batch of 8 images...
Running Classification on batch...
Skipping Segmentation...
Running VisionQA on batch...
Batch Complete!
============================================================
Processing Batch of 8 images...
Running Classification on batch...
Skipping Segmentation...
Running VisionQA on batch...
Batch Complete!
============================================================
Processing Batch of 8 images...
Running Classification on batch...
Skipping Segmentation...
Running VisionQA on batch...
Batch Complete!
============================================================
Processing Batch of 8 images...
Running Classification on batch...
Skipping Segmentation...
Running VisionQA on batch...
Batch Complete!
============================================================
Processing Batch of 8 images...
Running Classification on batch...
Skipping Segmentation...
Running VisionQA on batch...
Batch Complete!
============================================================
Processing Batch of 8 images...
Running Classification on batch...
Skipping Segmentation...
Running VisionQA on batch...
Batch Complete!
============================================================
Processing Batch of 8 images...
Running Classification on batch...
Skipping Segmentation...
Running VisionQA on batch...
Batch Complete!
============================================================
Processing Batch of 8 images...
Running Classification on batch...
Skipping Segmentation...
Running VisionQA on batch...
Batch Complete!
============================================================
Processing Batch of 8 images...
Running Classification on batch...
Skipping Segmentation...
Running VisionQA on batch...
Batch Complete!
============================================================
Processing Batch of 8 images...
Running Classification on batch...
Skipping Segmentation...
Running VisionQA on batch...
Batch Complete!
============================================================
Processing Batch of 8 images...
Running Classification on batch...
Skipping Segmentation...
Running VisionQA on batch...
Batch Complete!
============================================================
Processing Batch of 8 images...
Running Classification on batch...
Skipping Segmentation...
Running VisionQA on batch...
Batch Complete!
============================================================
Processing Batch of 8 images...
Running Classification on batch...
Skipping Segmentation...
Running VisionQA on batch...
Batch Complete!
============================================================
Processing Batch of 8 images...
Running Classification on batch...
Skipping Segmentation...
Running VisionQA on batch...
Batch Complete!
============================================================
Processing Batch of 8 images...
Running Classification on batch...
Skipping Segmentation...
Running VisionQA on batch...
Batch Complete!
============================================================
Processing Batch of 8 images...
Running Classification on batch...
Skipping Segmentation...
Running VisionQA on batch...
Batch Complete!
============================================================
Processing Batch of 8 images...
Running Classification on batch...
Skipping Segmentation...
Running VisionQA on batch...
Batch Complete!
============================================================
Processing Batch of 8 images...
Running Classification on batch...
Skipping Segmentation...
Running VisionQA on batch...
Batch Complete!
============================================================
Processing Batch of 8 images...
Running Classification on batch...
Skipping Segmentation...
Running VisionQA on batch...
Batch Complete!
============================================================
Processing Batch of 8 images...
Running Classification on batch...
Skipping Segmentation...
Running VisionQA on batch...
Batch Complete!
============================================================
Processing Batch of 8 images...
Running Classification on batch...
Skipping Segmentation...
Running VisionQA on batch...
Batch Complete!
============================================================
Processing Batch of 4 images...
Running Classification on batch...
Skipping Segmentation...
Running VisionQA on batch...
Batch Complete!

Run summary saved to: ./outputs/skin_cancer_v1/run_summary.json

Pipeline completed successfully
Results saved in: ./outputs/skin_cancer_v1